[2026-06-09T14:06:13Z] [INFO] [lithicfont] 開始打包快照: backup_20260609_220613_preda2ce59.sqfs
[2026-06-09T14:06:26Z] [INFO] [lithicfont] 打包完成並移至目標路徑。
[2026-06-09T14:06:31Z] [INFO] [lithicfont] Amend 完成，Commit Hash: 8812c4b
[2026-06-09T14:06:31Z] [DEBUG] [lithicfont] 準備發送通知至 [Bot_Διόνυσος]
[2026-06-09T14:06:33Z] [SUCCESS] [lithicfont] [Bot_Διόνυσος] 通知發送成功。
[2026-06-09T14:06:33Z] [DEBUG] [lithicfont] 準備發送通知至 [Bot_महायान]
[2026-06-09T14:06:36Z] [SUCCESS] [lithicfont] [Bot_महायान] 通知發送成功。
[2026-06-09T16:52:13Z] [INFO] [lithicfont] 開始打包快照: backup_20260610_005213_pre99142a4.sqfs
[2026-06-09T16:52:29Z] [INFO] [lithicfont] 打包完成並移至目標路徑。
[2026-06-09T16:52:37Z] [INFO] [lithicfont] Amend 完成，Commit Hash: eee71f6
[2026-06-09T16:52:37Z] [DEBUG] [lithicfont] 準備發送通知至 [Bot_Διόνυσος]
[2026-06-09T16:52:40Z] [SUCCESS] [lithicfont] [Bot_Διόνυσος] 通知發送成功。
[2026-06-09T16:52:40Z] [DEBUG] [lithicfont] 準備發送通知至 [Bot_महायान]
[2026-06-09T16:52:41Z] [SUCCESS] [lithicfont] [Bot_महायान] 通知發送成功。
[2026-06-09T17:26:50Z] [INFO] [lithicfont] 開始打包快照: backup_20260610_012650_precd8e470.sqfs
[2026-06-09T17:27:01Z] [INFO] [lithicfont] 打包完成並移至目標路徑。
[2026-06-09T17:27:19Z] [INFO] [lithicfont] Amend 完成，Commit Hash: a3c2692
[2026-06-09T17:27:19Z] [DEBUG] [lithicfont] 準備發送通知至 [Bot_Διόνυσος]
[2026-06-09T17:27:22Z] [SUCCESS] [lithicfont] [Bot_Διόνυσος] 通知發送成功。
[2026-06-09T17:27:22Z] [DEBUG] [lithicfont] 準備發送通知至 [Bot_महायान]
[2026-06-09T17:27:26Z] [SUCCESS] [lithicfont] [Bot_महायान] 通知發送成功。
[2026-06-09T18:30:26Z] [INFO] [lithicfont] 開始打包快照: backup_20260610_023026_pre56c9129.sqfs
[2026-06-09T18:30:26Z] [INFO] [lithicfont] 打包完成並移至目標路徑。
[2026-06-09T18:30:26Z] [INFO] [lithicfont] Amend 完成，Commit Hash: 2df9082
[2026-06-09T18:30:26Z] [DEBUG] [lithicfont] 準備發送通知至 [Bot_Διόνυσος]
[2026-06-09T18:30:28Z] [SUCCESS] [lithicfont] [Bot_Διόνυσος] 通知發送成功。
[2026-06-09T18:30:28Z] [DEBUG] [lithicfont] 準備發送通知至 [Bot_महायान]
[2026-06-09T18:30:29Z] [SUCCESS] [lithicfont] [Bot_महायान] 通知發送成功。
